{
    "test": {
        "Filename": "application-broken-3.desktop"
    }
}
