{
    "test": {
        "Filename": "application-broken-4.desktop"
    }
}
