{
    "test": {
        "Filename": "application.desktop"
    },
    "metadata": {
        "@graph": [
	    {
		"@type": [
		    "nfo:SoftwareApplication",
		    "nfo:Executable"
		],
		"nfo:softwareCmdLine": "/usr/bin/foo",
		"nfo:softwareIcon": {
		    "@id": "urn:theme-icon:foo",
		    "@type": [
			"nfo:Image"
		    ]
		},
                "nie:isLogicalPartOf" : [
                    {
                        "@id" : "urn:software-category:Network",
                        "nie:title" : "Network",
                        "@type" : "nfo:SoftwareCategory"
                    },
                    {
                        "@id" : "urn:software-category:GNOME",
                        "nie:title" : "GNOME",
                        "@type" : "nfo:SoftwareCategory"
                    }
                ],
		"nie:comment": "my awesome application",
		"nie:title" : "Foo"
	    }
	]
    }
}
