{
    "test": {
        "Filename": "application-broken-2.desktop"
    }
}
