{
    "test": {
        "Filename": "application-broken-1.desktop"
    }
}
