{
    "test": {
        "Filename": "application-hidden.desktop"
    }
}
