{
    "test": {
        "Filename": "link-broken-1.desktop"
    }
}
