{
    "test": {
        "Filename": "turbografx-game-image-1.cue",
        "Comment": "Turbografx game image with CUE file"
    },
    "metadata": {
        "@graph": [
	    {
		"@type": [ "nfo:GameImage" ],
		"nie:mimeType": "application/x-cue"
	    }
	]
    }
}
