{
    "test": {
        "Filename": "mp3-id3v2.2-1.mp3",
        "Comment": "MP3 ID3v2.2 tags example"
    },
    "metadata": {
    "@graph": [
        {
            "@type": [
                "nmm:MusicPiece",
                "nfo:Audio"
            ],
            "nfo:genre": "Progressive Rock",
            "nmm:trackNumber": 2,
            "nfo:channels": 2,
            "nmm:dlnaMime": "audio/mpeg",
            "nfo:averageBitrate": 320000,
            "nmm:dlnaProfile": "MP3",
            "nfo:sampleRate": 44100,
            "nfo:codec": "MPEG",
            "nie:title": "Forsaken",
            "nmm:artist": {
                "@id": "urn:artist:Dream%20Theater",
                "nmm:artistName": "Dream Theater",
                "@type": "nmm:Artist"
            },
            "nmm:musicAlbum": {
                "@id": "urn:album:Systematic%20Chaos:2007-01-01",
                "nie:title": "Systematic Chaos",
                "nmm:albumTrackCount": 8,
                "@type": "nmm:MusicAlbum"
            },
            "nmm:musicAlbumDisc": {
                "@id": "urn:album-disc:Systematic%20Chaos:2007-01-01:Disc1",
                "nmm:setNumber": 1,
                "nmm:albumDiscAlbum": {
                    "@id": "urn:album:Systematic%20Chaos:2007-01-01"
                },
                "@type": "nmm:MusicAlbumDisc"
            },
            "nie:contentCreated": "2007-01-01T00:00:00Z",
            "nfo:duration": 1
        }
    ]
    }
}
