{
    "test": {
        "Filename": "mp3-id3v2.4-vbr-1.mp3",
        "Comment": "MP3 VBR example"
    },
    "metadata": {
        "@graph": [
            {
                "nfo:averageBitrate": 32000,
                "nmm:artist": {
                    "@id": "urn:artist:artist",
                    "nmm:artistName": "artist",
                    "@type": "nmm:Artist"
                },
                "nfo:encodedBy": "encoder",
                "nfo:codec": "MPEG",
                "nfo:channels": 2,
                "nie:title": "title",
                "nfo:duration": 1,
                "nmm:dlnaProfile": "MP3",
                "nmm:musicAlbum": {
                    "@id": "urn:album:album:album%20artist:2024-01-01",
                    "nie:title": "album",
                    "nmm:albumTrackCount": 2,
                    "@type": "nmm:MusicAlbum",
                    "nmm:albumArtist": {
                        "@id": "urn:artist:album%20artist",
                        "nmm:artistName": "album artist",
                        "@type": "nmm:Artist"
                    }
                },
                "nmm:trackNumber": 1,
                "nmm:composer": {
                    "@id": "urn:artist:composer",
                    "nmm:artistName": "composer",
                    "@type": "nmm:Artist"
                },
                "nmm:dlnaMime": "audio/mpeg",
                "nie:comment": "comment",
                "@type": [
                    "nmm:MusicPiece",
                    "nfo:Audio"
                ],
                "nmm:lyricist": {
                    "@id": "urn:artist:lyricist",
                    "nmm:artistName": "lyricist",
                    "@type": "nmm:Artist"
                },
                "nfo:genre": "Soul",
                "nco:publisher": {
                    "@id": "urn:contact:publisher",
                    "nco:fullname": "publisher",
                    "@type": "nco:Contact"
                },
                "nie:contentCreated": "2024-01-01T00:00:00Z",
                "nmm:musicAlbumDisc": {
                    "@id": "urn:album-disc:album:album%20artist:2024-01-01:Disc1",
                    "nmm:setNumber": 1,
                    "nmm:albumDiscAlbum": {
                        "@id": "urn:album:album:album%20artist:2024-01-01"
                    },
                    "@type": "nmm:MusicAlbumDisc"
                },
                "nie:copyright": "copyright",
                "nfo:sampleRate": 48000
            }
        ]
    }
}
