# n_sequences: 1
# max_seq_len: 2
# n_index_size: 1
# data_size: 6
# n_chars: 0
<Ufdd7> <U73> : "âˆ«" # U222b
