1e07be23c26a86ea37ea810c8ec7809352515a970e9253c26f536cfc7a9996c45c8370583e0a78fa4a90041d71a4ceab7423f19c71b9d5a3e01249f0bebd5894
4dbff86cc2ca1bae1e16468a05cb9881c97f1753bce3619034898faa1aabe429955a1bf8ec483d7421fe3c1646613a59ed5441fb0f321389f77f48a879c7b1f1
f9292a765b5826c3e5786d9cf361e677f58ec5e3b5cecfd7a8bf122f5407b157196753f062d109ac7c16b29b0f471f81da9787c8d314e873413edca956027799
a59b49216a0e3a20443b72c64bdae51d41b33ad08a86a4fb936378dd2f9cd3899809ec31e5259b3b4549388d026561362be71548d4393be76da7eeb01839470c
