{
    "test": {
        "Filename": "text-non-utf8-1.txt",
        "Comment": "Non UTF8 text file"
    },
    "metadata": {
        "@graph": [
	    {
		"@type": [
                    "nfo:PlainTextDocument"
                ],
		"!nfo:plainTextContent": ""
	    }
	]
    }
}
