{
    "test": {
        "Filename": "mkv-basic.mkv",
        "Comment": "Just one standard mkv"
    },
    "metadata": {
        "@graph": [
	    {
                "@type": "nmm:Video",
                "nfo:genre": "genre",
                "nfo:frameRate": 30.0,
                "nfo:channels": 2,
                "nie:generator": "Lavf60.16.100",
                "nfo:sampleRate": 48000,
                "nfo:width": 1080,
                "nie:title": "title",
                "nie:contentCreated": "2024-04-25T12:36:46.000000Z",
                "nfo:aspectRatio": 1.0,
                "nfo:height": 1080
	    }
	]
    }
}
