{
    "test": {
        "Filename": "jpeg-iptcdata.jpg",
        "Comment": "Information should be retrieved from the image"
    },
    "metadata": {
        "@graph": [
	    {
		"@type": "nmm:Photo",

		"slo:location": {
                    "slo:postalAddress": {
			"nco:streetAddress": "Ruoholahti",
			"nco:region": "N/A",
			"nco:locality": "Helsinki",
			"nco:country": "Finland",
			"@type": "nco:PostalAddress"
                    },
                    "@type": "slo:GeoLocation"
		},
		"nfo:orientation": {
                    "@id": "nfo:orientation-left"
		},
		"nco:creator": {
                    "@id": "urn:contact:BylineValue",
                    "nco:fullname": "BylineValue",
                    "@type": "nco:Contact"
		},
		"nao:hasTag": [
                    {
			"@id": "urn:tag:Coverage",
			"nao:prefLabel": "Coverage",
			"@type": "nao:Tag"
                    },
                    {
			"@id": "urn:tag:test",
			"nao:prefLabel": "test",
			"@type": "nao:Tag"
                    }
		],
		"nco:contributor": {
                    "@id": "urn:contact:Dilbert",
                    "nco:fullname": "Dilbert",
                    "@type": "nco:Contact"
		},
		"nie:contentCreated": "2011-10-22T00:00:00+0200"
	    }
	]
    }
}
