{
    "test": {
        "Filename": "jpeg-xmp-sidecar-1.jpg",
        "Comment": "JPEG with XMP sidecar file"
    },
    "metadata": {
        "@graph": [
	    {
                "nco:publisher": {
                    "@id": "urn:contact:Publisher",
                    "nco:fullname": "Publisher",
                    "@type": "nco:Contact"
                },
                "nmm:dlnaProfile": "JPEG_MED",
                "dc:format": "image/png",
                "nmm:exposureTime": 9.19963201471941e-05,
                "nco:contributor": {
                    "@id": "urn:contact:Artist",
                    "nco:fullname": "Artist",
                    "@type": "nco:Contact"
                },
                "nfo:heading": "171.26344086021504",
                "nfo:equipment": {
                    "@id": "urn:equipment:Camera%20maker:Camera%20model:",
                    "nfo:model": "Camera model",
                    "@type": "nfo:Equipment",
                    "nfo:manufacturer": "Camera maker"
                },
                "nfo:horizontalResolution": 20.0,
                "@type": [
                    "nfo:Image",
                    "nmm:Photo"
                ],
                "nie:copyright": "Copyright",
                "nfo:height": 464,
                "nco:creator": {
                    "@id": "urn:contact:Author",
                    "nco:fullname": "Author",
                    "@type": "nco:Contact"
                },
                "nie:title": "Photograph",
                "dc:type": "Type",
                "nie:license": "License",
                "nmm:flash": {
                    "@id": "nmm:flash-on"
                },
                "nao:hasTag": [
                    {
                        "@id": "urn:tag:amazing",
                        "nao:prefLabel": "amazing",
                        "@type": "nao:Tag"
                    },
                    {
                        "@id": "urn:tag:bright",
                        "nao:prefLabel": "bright",
                        "@type": "nao:Tag"
                    },
                    {
                        "@id": "urn:tag:amazing2",
                        "nao:prefLabel": "amazing2",
                        "@type": "nao:Tag"
                    },
                    {
                        "@id": "urn:tag:bright2",
                        "nao:prefLabel": "bright2",
                        "@type": "nao:Tag"
                    }
                ],
                "dc:language": "en_US",
                "nmm:dlnaMime": "image/jpeg",
                "nfo:hasRegionOfInterest": [
                    {
                        "nfo:regionOfInterestWidth": "0.06",
                        "nfo:regionOfInterestType": "http://tracker.api.gnome.org/ontology/v3/nfo#roi-content-face",
                        "nfo:regionOfInterestY": "0.5",
                        "nie:title": "John Doe",
                        "nfo:regionOfInterestX": "0.5",
                        "@type": "nfo:RegionOfInterest",
                        "nfo:regionOfInterestHeight": "0.09"
                    },
                    {
                        "nfo:regionOfInterestHeight": "0.09",
                        "nfo:regionOfInterestType": "http://tracker.api.gnome.org/ontology/v3/nfo#roi-content-pet",
                        "@type": "nfo:RegionOfInterest",
                        "nie:description": "Fido looks happy!",
                        "nfo:regionOfInterestY": "0.51",
                        "nie:title": "Fido",
                        "nfo:regionOfInterestX": "0.51",
                        "nfo:regionOfInterestWidth": "0.01"
                    }
                ],
                "nie:description": "Photograph description",
                "dc:coverage": "Coverage",
                "nmm:whiteBalance": {
                    "@id": "nmm:white-balance-auto"
                },
                "dc:identifier": "Identifier",
                "dc:source": "http://example.com/",
                "nao:numericRating": "5",
                "dc:relation": "Relation",
                "nfo:verticalResolution": 20.0,
                "nmm:meteringMode": {
                    "@id": "nmm:metering-mode-pattern"
                },
                "slo:location": {
                    "slo:latitude": "0",
                    "slo:longitude": "-0",
                    "@type": "slo:GeoLocation",
                    "slo:altitude": "65.640000000000001"
                },
                "nfo:width": 699,
                "nmm:fnumber": 2.4,
                "nmm:isoSpeed": 50.0,
                "nmm:focalLength": 4.12,
                "nfo:orientation": {
                    "@id": "nfo:orientation-top"
                }
	    }
	]
    }
}
