{
    "test": {
        "Filename": "png-photo-with-sidecar-1.png",
        "Comment": "PNG Photograph example"
    },
    "metadata": {
        "@graph": [
	    {
                "nao:numericRating": "5",
                "nmm:fnumber": "2.3999999999999999",
                "nfo:orientation": {
                    "@id": "nfo:orientation-top"
                },
                "dc:format": "image/png",
                "nie:title": "Photograph",
                "nfo:width": 10,
                "nfo:heading": "171.26344086021504",
                "nco:creator": {
                    "@id": "urn:contact:Author",
                    "nco:fullname": "Author",
                    "@type": "nco:Contact"
                },
                "nie:description": "Photograph description",
                "nmm:exposureTime": "9.1996320147194106e-05",
                "nmm:dlnaProfile": "PNG_TN",
                "nmm:dlnaMime": "image/png",
                "nie:comment": "Created with GIMP",
                "@type": [
                    "nfo:Image",
                    "nmm:Photo"
                ],
                "nmm:isoSpeed": "50",
                "nmm:whiteBalance": {
                    "@id": "nmm:white-balance-auto"
                },
                "nmm:focalLength": "4.1200000000000001",
                "nmm:meteringMode": {
                    "@id": "nmm:metering-mode-pattern"
                },
                "nie:copyright": "Copyright",
                "slo:location": {
                    "slo:latitude": "0",
                    "slo:longitude": "-0",
                    "@type": "slo:GeoLocation",
                    "slo:altitude": "65.640000000000001"
                },
                "nao:hasTag": {
                    "@id": "urn:tag:bright",
                    "nao:prefLabel": "bright",
                    "@type": "nao:Tag"
                },
                "nfo:height": 10
	    }
	]
    }
}
