{
    "test": {
        "Filename": "png-exif-old-1.png",
        "Comment": "PNG with pre-standard EXIF tags, image from https://zpl.fi/exif-orientation-in-different-formats/, CC BY-SA 4.0"
    },
    "metadata": {
        "@graph": [
	    {
                "nmm:dlnaMime" : "image/png",
                "nmm:dlnaProfile" : "PNG_LRG",
                "nfo:orientation" : {
                    "@id" : "nfo:orientation-left-mirror"
                },
                "nfo:width" : 256,
                "nfo:height" : 256,
                "@type" : [
                    "nfo:Image",
                    "nmm:Photo"
                ]
	    }
	]
    }
}
