{
    "test": {
        "Filename": "png-screenshot-1.png",
        "Comment": "PNG screenshot example"
    },
    "metadata": {
        "@graph": [
	    {
                "nmm:dlnaProfile" : "PNG_TN",
                "nmm:dlnaMime" : "image/png",
                "nfo:width" : 46,
                "nie:isLogicalPartOf" : {
                    "@id" : "nfo:image-category-screenshot"
                },
                "@type" : [
                    "nfo:Image",
                    "nmm:Photo"
                ],
                "nfo:height" : 47
	    }
	]
    }
}
