{
    "test": {
        "Filename": "tiff-xmp-sidecar-1.tiff",
        "Comment": "TIFF with XMP sidecar file"
    },
    "metadata": {
        "@graph": [
	    {
                "nco:publisher": {
                    "@id": "urn:contact:Publisher",
                    "nco:fullname": "Publisher",
                    "@type": "nco:Contact"
                },
                "dc:format": "image/png",
                "nmm:exposureTime": "9.1996320147194106e-05",
                "nfo:heading": "171.26344086021504",
                "nco:contributor": {
                    "@id": "urn:contact:Artist",
                    "nco:fullname": "Artist",
                    "@type": "nco:Contact"
                },
                "nfo:equipment": {
                    "@id": "urn:equipment:Camera%20maker:Camera%20model:",
                    "nfo:model": "Camera model",
                    "@type": "nfo:Equipment",
                    "nfo:manufacturer": "Camera maker"
                },
                "@type": [
                    "nfo:Image",
                    "nmm:Photo"
                ],
                "nie:copyright": "Copyright",
                "nfo:height": "39",
                "nco:creator": {
                    "@id": "urn:contact:Author",
                    "nco:fullname": "Author",
                    "@type": "nco:Contact"
                },
                "nmm:flash": {
                    "@id": "nmm:flash-on"
                },
                "nie:title": "Photograph",
                "dc:type": "Type",
                "nie:license": "License",
                "nao:hasTag": {
                    "@id": "urn:tag:bright2",
                    "nao:prefLabel": "bright2",
                    "@type": "nao:Tag"
                },
                "dc:language": "en_US",
                "nfo:hasRegionOfInterest": [
                    {
                        "nfo:regionOfInterestWidth": "0.06",
                        "nfo:regionOfInterestType": "http://tracker.api.gnome.org/ontology/v3/nfo#roi-content-face",
                        "nfo:regionOfInterestY": "0.5",
                        "nie:title": "John Doe",
                        "nfo:regionOfInterestX": "0.5",
                        "@type": "nfo:RegionOfInterest",
                        "nfo:regionOfInterestHeight": "0.09"
                    },
                    {
                        "nfo:regionOfInterestHeight": "0.09",
                        "nfo:regionOfInterestType": "http://tracker.api.gnome.org/ontology/v3/nfo#roi-content-pet",
                        "@type": "nfo:RegionOfInterest",
                        "nie:description": "Fido looks happy!",
                        "nfo:regionOfInterestY": "0.51",
                        "nie:title": "Fido",
                        "nfo:regionOfInterestX": "0.51",
                        "nfo:regionOfInterestWidth": "0.01"
                    }
                ],
                "nie:description": "Photograph description",
                "dc:coverage": "Coverage",
                "nmm:isoSpeed": "50",
                "dc:identifier": "Identifier",
                "dc:source": "http://example.com/",
                "nao:numericRating": "5",
                "dc:relation": "Relation",
                "nmm:meteringMode": {
                    "@id": "nmm:metering-mode-pattern"
                },
                "nmm:whiteBalance": {
                    "@id": "nmm:white-balance-auto"
                },
                "nfo:width": "37",
                "slo:location": {
                    "slo:latitude": "0",
                    "slo:longitude": "-0",
                    "@type": "slo:GeoLocation",
                    "slo:altitude": "65.640000000000001"
                },
                "nmm:fnumber": "2.3999999999999999",
                "nmm:focalLength": "4.1200000000000001",
                "nfo:orientation": {
                    "@id": "nfo:orientation-top"
                }
	    }
	]
    }
}
