{
    "test": {
        "Filename": "tiff-photo-1.tiff",
        "Comment": "TIFF Photograph example"
    },
    "metadata": {
        "@graph": [
	    {
                "nao:numericRating" : "5",
                "nmm:fnumber" : "2.400000",
                "nfo:orientation" : {
                    "@id" : "nfo:orientation-top"
                },
                "dc:format" : "image/tiff",
                "nie:title" : "Photograph",
                "nfo:width" : "10",
                "nie:description" : "Photograph description",
                "nco:creator" : {
                    "@id" : "urn:contact:Author",
                    "nco:fullname" : "Author",
                    "@type" : "nco:Contact"
                },
                "nmm:exposureTime" : "0.000092",
                "nmm:meteringMode" : {
                    "@id" : "nmm:metering-mode-pattern"
                },
                "nmm:whiteBalance" : {
                    "@id" : "nmm:white-balance-auto"
                },
                "@type" : [
                    "nfo:Image",
                    "nmm:Photo"
                ],
                "nmm:isoSpeed" : "50",
                "nie:contentCreated" : "2024-04-28T18:43:11",
                "nao:hasTag" : {
                    "@id" : "urn:tag:bright",
                    "nao:prefLabel" : "bright",
                    "@type" : "nao:Tag"
                },
                "nfo:equipment" : {
                    "@id" : "urn:equipment:Apple:iPhone%205:",
                    "nfo:model" : "iPhone 5",
                    "@type" : "nfo:Equipment",
                    "nfo:manufacturer" : "Apple"
                },
                "nmm:focalLength" : "4.120000",
                "nmm:flash" : {
                    "@id" : "nmm:flash-off"
                },
                "nie:copyright" : "Copyright",
                "nfo:height" : "10",
                "nco:contributor" : {
                    "@id" : "urn:contact:Author"
                }
	    }
	]
    }
}
