{
    "test": {
        "Filename": "webp-basic-1.webp",
        "Comment": "Basic WEBP example"
    },
    "metadata": {
        "@graph": [
            {
                "@type": [
                    "nfo:Image",
                    "nmm:Photo"
                ],
                "nfo:width": "100",
                "nfo:height": "100",
                "dc:format" : "image/webp",
                "slo:location" : {
                    "slo:postalAddress" : {
                        "nco:locality" : "Atlantis",
                        "@type" : "nco:PostalAddress"
                    },
                    "@type" : "slo:GeoLocation"
                },
                "nco:creator" : {
                    "@id" : "urn:contact:A.U.%20Thor",
                    "nco:fullname" : "A.U. Thor",
                    "@type" : "nco:Contact"
                },
                "nie:description" : "Description",
                "nao:hasTag" : {
                    "@id" : "urn:tag:dummy%20test",
                    "nao:prefLabel" : "dummy test",
                    "@type" : "nao:Tag"
                },
                "nie:title" : "Title"
            }
        ]
    }
}
