    1  IP 127.0.0.1.50160 > 127.0.0.1.5001: id 0 ts 1665700657:404908
    2  IP 127.0.0.1.50160 > 127.0.0.1.5001: id 0 ts 1665700657:404908
    3  IP 127.0.0.1.50160 > 127.0.0.1.5001: id 1 ts 1665700657:522293
    4  IP 127.0.0.1.50160 > 127.0.0.1.5001: id 1 ts 1665700657:522293
    5  IP 127.0.0.1.50160 > 127.0.0.1.5001: id 2 ts 1665700657:635348
    6  IP 127.0.0.1.50160 > 127.0.0.1.5001: id 2 ts 1665700657:635348
    7  IP 127.0.0.1.50160 > 127.0.0.1.5001: id 3 ts 1665700657:751623
    8  IP 127.0.0.1.50160 > 127.0.0.1.5001: id 3 ts 1665700657:751623
    9  IP 127.0.0.1.50160 > 127.0.0.1.5001: id 4 ts 1665700657:868258
   10  IP 127.0.0.1.50160 > 127.0.0.1.5001: id 4 ts 1665700657:868258
   11  IP 127.0.0.1.50160 > 127.0.0.1.5001: id 5 ts 1665700657:981817
   12  IP 127.0.0.1.50160 > 127.0.0.1.5001: id 5 ts 1665700657:981817
   13  IP 127.0.0.1.50160 > 127.0.0.1.5001: id 6 ts 1665700658:096243
   14  IP 127.0.0.1.50160 > 127.0.0.1.5001: id 6 ts 1665700658:096243
   15  IP 127.0.0.1.50160 > 127.0.0.1.5001: id 7 ts 1665700658:215306
   16  IP 127.0.0.1.50160 > 127.0.0.1.5001: id 7 ts 1665700658:215306
   17  IP 127.0.0.1.50160 > 127.0.0.1.5001: id 8 ts 1665700658:329421
   18  IP 127.0.0.1.50160 > 127.0.0.1.5001: id 8 ts 1665700658:329421
   19  IP 127.0.0.1.50160 > 127.0.0.1.5001: id 9 ts 1665700658:444426
   20  IP 127.0.0.1.50160 > 127.0.0.1.5001: id 9 ts 1665700658:444426
   21  IP 127.0.0.1.50160 > 127.0.0.1.5001: id 4294967286 ts 1665700658:559927
   22  IP 127.0.0.1.50160 > 127.0.0.1.5001: id 4294967286 ts 1665700658:559927
   23  IP 127.0.0.1.5001 > 127.0.0.1.50160: id 4294967286 ts 1665700658:559927
   24  IP 127.0.0.1.5001 > 127.0.0.1.50160: id 4294967286 ts 1665700658:559927
