    1  1665701177.340522  00:00:00.000000 IP 127.0.0.1.53513 > 127.0.0.1.5201:  [|iperf3-64]
    2  1665701177.340644  00:00:00.000122 IP 127.0.0.1.5201 > 127.0.0.1.53513:  [|iperf3-64]
    3  1665701177.341888  00:00:00.001244 IP 127.0.0.1.53513 > 127.0.0.1.5201: id 1 ts 712246:437628
    4  1665701177.467101  00:00:00.125213 IP 127.0.0.1.53513 > 127.0.0.1.5201: id 2 ts 712246:562821
    5  1665701177.591110  00:00:00.124009 IP 127.0.0.1.53513 > 127.0.0.1.5201: id 3 ts 712246:686830
    6  1665701177.716101  00:00:00.124991 IP 127.0.0.1.53513 > 127.0.0.1.5201: id 4 ts 712246:811818
    7  1665701177.841112  00:00:00.125011 IP 127.0.0.1.53513 > 127.0.0.1.5201: id 5 ts 712246:936833
    8  1665701177.965114  00:00:00.124002 IP 127.0.0.1.53513 > 127.0.0.1.5201: id 6 ts 712247:060831
    9  1665701178.089988  00:00:00.124874 IP 127.0.0.1.53513 > 127.0.0.1.5201: id 7 ts 712247:185712
   10  1665701178.215105  00:00:00.125117 IP 127.0.0.1.53513 > 127.0.0.1.5201: id 8 ts 712247:310829
   11  1665701178.339106  00:00:00.124001 IP 127.0.0.1.53513 > 127.0.0.1.5201: id 9 ts 712247:434835
   12  1665701178.464142  00:00:00.125036 IP 127.0.0.1.53513 > 127.0.0.1.5201: id 10 ts 712247:559860
