    1  15:45:49.340974 (0) IP 10.0.10.1 > 10.0.11.1: ICMP echo request, id 31052, seq 0, length 64
    2  15:45:49.340975 (1) IP 10.0.10.1 > 10.0.11.1: ICMP echo request, id 31052, seq 0, length 64
    3  15:45:49.341007 (1) IP 10.0.11.1 > 10.0.10.1: ICMP echo reply, id 31052, seq 0, length 64
    4  15:45:49.341007 (0) IP 10.0.11.1 > 10.0.10.1: ICMP echo reply, id 31052, seq 0, length 64
    5  15:45:50.346065 (0) IP 10.0.10.1 > 10.0.11.1: ICMP echo request, id 31052, seq 1, length 64
    6  15:45:50.346066 (1) IP 10.0.10.1 > 10.0.11.1: ICMP echo request, id 31052, seq 1, length 64
    7  15:45:50.346128 (1) IP 10.0.11.1 > 10.0.10.1: ICMP echo reply, id 31052, seq 1, length 64
    8  15:45:50.346128 (0) IP 10.0.11.1 > 10.0.10.1: ICMP echo reply, id 31052, seq 1, length 64
    9  15:45:51.350655 (0) IP 10.0.10.1 > 10.0.11.1: ICMP echo request, id 31052, seq 2, length 64
   10  15:45:51.350656 (1) IP 10.0.10.1 > 10.0.11.1: ICMP echo request, id 31052, seq 2, length 64
   11  15:45:51.350703 (1) IP 10.0.11.1 > 10.0.10.1: ICMP echo reply, id 31052, seq 2, length 64
   12  15:45:51.350703 (0) IP 10.0.11.1 > 10.0.10.1: ICMP echo reply, id 31052, seq 2, length 64
   13  15:45:52.351952 (0) IP 10.0.10.1 > 10.0.11.1: ICMP echo request, id 31052, seq 3, length 64
   14  15:45:52.351953 (1) IP 10.0.10.1 > 10.0.11.1: ICMP echo request, id 31052, seq 3, length 64
   15  15:45:52.352007 (1) IP 10.0.11.1 > 10.0.10.1: ICMP echo reply, id 31052, seq 3, length 64
   16  15:45:52.352007 (0) IP 10.0.11.1 > 10.0.10.1: ICMP echo reply, id 31052, seq 3, length 64
   17  15:45:53.353174 (1) IP 10.0.10.1 > 10.0.11.1: ICMP echo request, id 31052, seq 4, length 64
   18  15:45:53.353174 (0) IP 10.0.10.1 > 10.0.11.1: ICMP echo request, id 31052, seq 4, length 64
   19  15:45:53.353227 (1) IP 10.0.11.1 > 10.0.10.1: ICMP echo reply, id 31052, seq 4, length 64
   20  15:45:53.353228 (0) IP 10.0.11.1 > 10.0.10.1: ICMP echo reply, id 31052, seq 4, length 64
   21  15:46:04.854591 (1) IP 10.0.11.1 > 10.0.10.1: ICMP echo request, id 33356, seq 0, length 1008
   22  15:46:04.854592 (0) IP 10.0.11.1 > 10.0.10.1: ICMP echo request, id 33356, seq 0, length 1008
   23  15:46:04.854639 (0) IP 10.0.10.1 > 10.0.11.1: ICMP echo reply, id 33356, seq 0, length 1008
   24  15:46:04.854640 (1) IP 10.0.10.1 > 10.0.11.1: ICMP echo reply, id 33356, seq 0, length 1008
   25  15:46:05.856868 (1) IP 10.0.11.1 > 10.0.10.1: ICMP echo request, id 33356, seq 1, length 1008
   26  15:46:05.856869 (0) IP 10.0.11.1 > 10.0.10.1: ICMP echo request, id 33356, seq 1, length 1008
   27  15:46:05.856917 (0) IP 10.0.10.1 > 10.0.11.1: ICMP echo reply, id 33356, seq 1, length 1008
   28  15:46:05.856918 (1) IP 10.0.10.1 > 10.0.11.1: ICMP echo reply, id 33356, seq 1, length 1008
   29  15:46:06.857989 (1) IP 10.0.11.1 > 10.0.10.1: ICMP echo request, id 33356, seq 2, length 1008
   30  15:46:06.857990 (0) IP 10.0.11.1 > 10.0.10.1: ICMP echo request, id 33356, seq 2, length 1008
   31  15:46:06.858071 (1) IP 10.0.10.1 > 10.0.11.1: ICMP echo reply, id 33356, seq 2, length 1008
   32  15:46:06.858071 (0) IP 10.0.10.1 > 10.0.11.1: ICMP echo reply, id 33356, seq 2, length 1008
   33  15:46:07.858934 (1) IP 10.0.11.1 > 10.0.10.1: ICMP echo request, id 33356, seq 3, length 1008
   34  15:46:07.858934 (0) IP 10.0.11.1 > 10.0.10.1: ICMP echo request, id 33356, seq 3, length 1008
   35  15:46:07.858987 (1) IP 10.0.10.1 > 10.0.11.1: ICMP echo reply, id 33356, seq 3, length 1008
   36  15:46:07.858987 (0) IP 10.0.10.1 > 10.0.11.1: ICMP echo reply, id 33356, seq 3, length 1008
   37  15:46:08.860744 (1) IP 10.0.11.1 > 10.0.10.1: ICMP echo request, id 33356, seq 4, length 1008
   38  15:46:08.860745 (0) IP 10.0.11.1 > 10.0.10.1: ICMP echo request, id 33356, seq 4, length 1008
   39  15:46:08.860793 (0) IP 10.0.10.1 > 10.0.11.1: ICMP echo reply, id 33356, seq 4, length 1008
   40  15:46:08.860794 (1) IP 10.0.10.1 > 10.0.11.1: ICMP echo reply, id 33356, seq 4, length 1008
