    1  23:31:16.136730 IP (tos 0x0, ttl 128, id 5015, offset 0, flags [DF], proto TCP (6), length 52)
    192.168.2.1.53279 > 192.168.2.2.5201: Flags [S], seq 2065561102, win 65535, options [mss 8960,nop,wscale 2,nop,nop,sackOK], length 0
    2  23:31:16.144065 IP (tos 0x0, ttl 64, id 0, offset 0, flags [DF], proto TCP (6), length 52)
    192.168.2.2.5201 > 192.168.2.1.53279: Flags [S.], seq 2679990900, ack 2065561103, win 65535, options [mss 1410,nop,wscale 7,sackOK,eol], length 0
    3  23:31:16.144102 IP (tos 0x0, ttl 128, id 5016, offset 0, flags [DF], proto TCP (6), length 40)
    192.168.2.1.53279 > 192.168.2.2.5201: Flags [.], ack 1, win 53248, length 0
    4  23:31:16.144143 IP (tos 0x0, ttl 128, id 5017, offset 0, flags [DF], proto TCP (6), length 77)
    192.168.2.1.53279 > 192.168.2.2.5201: Flags [P.], seq 1:38, ack 1, win 53248, length 37
    5  23:31:16.153059 IP (tos 0x0, ttl 64, id 0, offset 0, flags [DF], proto TCP (6), length 40)
    192.168.2.2.5201 > 192.168.2.1.53279: Flags [.], ack 38, win 2047, length 0
    6  23:31:16.158075 IP (tos 0x0, ttl 64, id 0, offset 0, flags [DF], proto TCP (6), length 41)
    192.168.2.2.5201 > 192.168.2.1.53279: Flags [P.], seq 1:2, ack 38, win 2048, length 1
    7  23:31:16.158186 IP (tos 0x0, ttl 128, id 5018, offset 0, flags [DF], proto TCP (6), length 44)
    192.168.2.1.53279 > 192.168.2.2.5201: Flags [P.], seq 38:42, ack 2, win 53247, length 4
    8  23:31:16.168130 IP (tos 0x0, ttl 64, id 0, offset 0, flags [DF], proto TCP (6), length 40)
    192.168.2.2.5201 > 192.168.2.1.53279: Flags [.], ack 42, win 2047, length 0
    9  23:31:16.168147 IP (tos 0x0, ttl 128, id 5019, offset 0, flags [DF], proto TCP (6), length 139)
    192.168.2.1.53279 > 192.168.2.2.5201: Flags [P.], seq 42:141, ack 2, win 53247, length 99
   10  23:31:16.178199 IP (tos 0x0, ttl 64, id 0, offset 0, flags [DF], proto TCP (6), length 40)
    192.168.2.2.5201 > 192.168.2.1.53279: Flags [.], ack 141, win 2047, length 0
   11  23:31:16.178200 IP (tos 0x0, ttl 64, id 0, offset 0, flags [DF], proto TCP (6), length 41)
    192.168.2.2.5201 > 192.168.2.1.53279: Flags [P.], seq 2:3, ack 141, win 2048, length 1
   12  23:31:16.178503 IP (tos 0x0, ttl 128, id 5020, offset 0, flags [DF], proto TCP (6), length 52)
    192.168.2.1.53280 > 192.168.2.2.5201: Flags [S], seq 4209796787, win 65535, options [mss 8960,nop,wscale 6,nop,nop,sackOK], length 0
   13  23:31:16.188077 IP (tos 0x0, ttl 64, id 0, offset 0, flags [DF], proto TCP (6), length 52)
    192.168.2.2.5201 > 192.168.2.1.53280: Flags [S.], seq 3445788380, ack 4209796788, win 65535, options [mss 1410,nop,wscale 6,sackOK,eol], length 0
   14  23:31:16.188120 IP (tos 0x0, ttl 128, id 5021, offset 0, flags [DF], proto TCP (6), length 40)
    192.168.2.1.53280 > 192.168.2.2.5201: Flags [.], ack 1, win 56000, length 0
   15  23:31:16.188173 IP (tos 0x0, ttl 128, id 5022, offset 0, flags [DF], proto TCP (6), length 77)
    192.168.2.1.53280 > 192.168.2.2.5201: Flags [P.], seq 1:38, ack 1, win 56000, length 37
   16  23:31:16.192166 IP (tos 0x0, ttl 128, id 5023, offset 0, flags [DF], proto TCP (6), length 52)
    192.168.2.1.53281 > 192.168.2.2.5201: Flags [S], seq 4389985, win 65535, options [mss 8960,nop,wscale 6,nop,nop,sackOK], length 0
   17  23:31:16.198081 IP (tos 0x0, ttl 64, id 0, offset 0, flags [DF], proto TCP (6), length 40)
    192.168.2.2.5201 > 192.168.2.1.53280: Flags [.], ack 38, win 56002, length 0
   18  23:31:16.203080 IP (tos 0x0, ttl 64, id 0, offset 0, flags [DF], proto TCP (6), length 52)
    192.168.2.2.5201 > 192.168.2.1.53281: Flags [S.], seq 2996564221, ack 4389986, win 65535, options [mss 1410,nop,wscale 6,sackOK,eol], length 0
   19  23:31:16.203122 IP (tos 0x0, ttl 128, id 5024, offset 0, flags [DF], proto TCP (6), length 40)
    192.168.2.1.53281 > 192.168.2.2.5201: Flags [.], ack 1, win 56000, length 0
   20  23:31:16.203172 IP (tos 0x0, ttl 128, id 5025, offset 0, flags [DF], proto TCP (6), length 77)
    192.168.2.1.53281 > 192.168.2.2.5201: Flags [P.], seq 1:38, ack 1, win 56000, length 37
   21  23:31:16.205368 IP (tos 0x0, ttl 128, id 5026, offset 0, flags [DF], proto TCP (6), length 52)
    192.168.2.1.53282 > 192.168.2.2.5201: Flags [S], seq 430703334, win 65535, options [mss 8960,nop,wscale 6,nop,nop,sackOK], length 0
   22  23:31:16.213789 IP (tos 0x0, ttl 64, id 0, offset 0, flags [DF], proto TCP (6), length 40)
    192.168.2.2.5201 > 192.168.2.1.53281: Flags [.], ack 38, win 56002, length 0
   23  23:31:16.218079 IP (tos 0x0, ttl 64, id 0, offset 0, flags [DF], proto TCP (6), length 52)
    192.168.2.2.5201 > 192.168.2.1.53282: Flags [S.], seq 3391904703, ack 430703335, win 65535, options [mss 1410,nop,wscale 6,sackOK,eol], length 0
   24  23:31:16.218124 IP (tos 0x0, ttl 128, id 5027, offset 0, flags [DF], proto TCP (6), length 40)
    192.168.2.1.53282 > 192.168.2.2.5201: Flags [.], ack 1, win 56000, length 0
   25  23:31:16.218162 IP (tos 0x0, ttl 128, id 5028, offset 0, flags [DF], proto TCP (6), length 77)
    192.168.2.1.53282 > 192.168.2.2.5201: Flags [P.], seq 1:38, ack 1, win 56000, length 37
   26  23:31:16.218837 IP (tos 0x0, ttl 128, id 5029, offset 0, flags [DF], proto TCP (6), length 40)
    192.168.2.1.53279 > 192.168.2.2.5201: Flags [.], ack 3, win 53247, length 0
   27  23:31:16.220511 IP (tos 0x0, ttl 128, id 5030, offset 0, flags [DF], proto TCP (6), length 52)
    192.168.2.1.53283 > 192.168.2.2.5201: Flags [S], seq 4104598516, win 65535, options [mss 8960,nop,wscale 6,nop,nop,sackOK], length 0
   28  23:31:16.228086 IP (tos 0x0, ttl 64, id 0, offset 0, flags [DF], proto TCP (6), length 40)
    192.168.2.2.5201 > 192.168.2.1.53282: Flags [.], ack 38, win 56002, length 0
   29  23:31:16.228087 IP (tos 0x0, ttl 64, id 0, offset 0, flags [DF], proto TCP (6), length 52)
    192.168.2.2.5201 > 192.168.2.1.53283: Flags [S.], seq 3070877709, ack 4104598517, win 65535, options [mss 1410,nop,wscale 6,sackOK,eol], length 0
   30  23:31:16.228148 IP (tos 0x0, ttl 128, id 5031, offset 0, flags [DF], proto TCP (6), length 40)
    192.168.2.1.53283 > 192.168.2.2.5201: Flags [.], ack 1, win 56000, length 0
   31  23:31:16.228208 IP (tos 0x0, ttl 128, id 5032, offset 0, flags [DF], proto TCP (6), length 77)
    192.168.2.1.53283 > 192.168.2.2.5201: Flags [P.], seq 1:38, ack 1, win 56000, length 37
   32  23:31:16.230822 IP (tos 0x0, ttl 128, id 5033, offset 0, flags [DF], proto TCP (6), length 52)
    192.168.2.1.53284 > 192.168.2.2.5201: Flags [S], seq 2676868137, win 65535, options [mss 8960,nop,wscale 6,nop,nop,sackOK], length 0
   33  23:31:16.238117 IP (tos 0x0, ttl 64, id 0, offset 0, flags [DF], proto TCP (6), length 40)
    192.168.2.2.5201 > 192.168.2.1.53283: Flags [.], ack 38, win 56002, length 0
   34  23:31:16.238119 IP (tos 0x0, ttl 64, id 0, offset 0, flags [DF], proto TCP (6), length 52)
    192.168.2.2.5201 > 192.168.2.1.53284: Flags [S.], seq 140214428, ack 2676868138, win 65535, options [mss 1410,nop,wscale 6,sackOK,eol], length 0
   35  23:31:16.238226 IP (tos 0x0, ttl 128, id 5034, offset 0, flags [DF], proto TCP (6), length 40)
    192.168.2.1.53284 > 192.168.2.2.5201: Flags [.], ack 1, win 56000, length 0
   36  23:31:16.238364 IP (tos 0x0, ttl 128, id 5035, offset 0, flags [DF], proto TCP (6), length 77)
    192.168.2.1.53284 > 192.168.2.2.5201: Flags [P.], seq 1:38, ack 1, win 56000, length 37
   37  23:31:16.248698 IP (tos 0x0, ttl 64, id 0, offset 0, flags [DF], proto TCP (6), length 40)
    192.168.2.2.5201 > 192.168.2.1.53284: Flags [.], ack 38, win 56002, length 0
   38  23:31:16.251686 IP (tos 0x0, ttl 64, id 0, offset 0, flags [DF], proto TCP (6), length 41)
    192.168.2.2.5201 > 192.168.2.1.53279: Flags [P.], seq 3:4, ack 141, win 2048, length 1
   39  23:31:16.292590 IP (tos 0x0, ttl 128, id 5036, offset 0, flags [DF], proto TCP (6), length 40)
    192.168.2.1.53279 > 192.168.2.2.5201: Flags [.], ack 4, win 53247, length 0
   40  23:31:16.299567 IP (tos 0x0, ttl 64, id 0, offset 0, flags [DF], proto TCP (6), length 41)
    192.168.2.2.5201 > 192.168.2.1.53279: Flags [P.], seq 4:5, ack 141, win 2048, length 1
   41  23:31:16.299803 IP (tos 0x0, ttl 128, id 5037, offset 0, flags [DF], proto TCP (6), length 0)
    192.168.2.1.53280 > 192.168.2.2.5201: Flags [.], seq 38:14138, ack 1, win 56000, length 14100
   42  23:31:16.299902 IP (tos 0x0, ttl 128, id 5047, offset 0, flags [DF], proto TCP (6), length 0)
    192.168.2.1.53281 > 192.168.2.2.5201: Flags [.], seq 38:14138, ack 1, win 56000, length 14100
   43  23:31:16.299992 IP (tos 0x0, ttl 128, id 5057, offset 0, flags [DF], proto TCP (6), length 0)
    192.168.2.1.53282 > 192.168.2.2.5201: Flags [.], seq 38:14138, ack 1, win 56000, length 14100
   44  23:31:16.300047 IP (tos 0x0, ttl 128, id 5067, offset 0, flags [DF], proto TCP (6), length 0)
    192.168.2.1.53283 > 192.168.2.2.5201: Flags [.], seq 38:14138, ack 1, win 56000, length 14100
   45  23:31:16.300144 IP (tos 0x0, ttl 128, id 5077, offset 0, flags [DF], proto TCP (6), length 0)
    192.168.2.1.53284 > 192.168.2.2.5201: Flags [.], seq 38:14138, ack 1, win 56000, length 14100
   46  23:31:16.308365 IP (tos 0x0, ttl 64, id 0, offset 0, flags [DF], proto TCP (6), length 40)
    192.168.2.2.5201 > 192.168.2.1.53281: Flags [.], ack 14138, win 56000, length 0
   47  23:31:16.308387 IP (tos 0x0, ttl 128, id 5087, offset 0, flags [DF], proto TCP (6), length 0)
    192.168.2.1.53281 > 192.168.2.2.5201: Flags [.], seq 14138:39518, ack 1, win 56000, length 25380
   48  23:31:16.308549 IP (tos 0x0, ttl 64, id 0, offset 0, flags [DF], proto TCP (6), length 40)
    192.168.2.2.5201 > 192.168.2.1.53280: Flags [.], ack 14138, win 56000, length 0
   49  23:31:16.308561 IP (tos 0x0, ttl 64, id 0, offset 0, flags [DF], proto TCP (6), length 40)
    192.168.2.2.5201 > 192.168.2.1.53282: Flags [.], ack 14138, win 56000, length 0
   50  23:31:16.308567 IP (tos 0x0, ttl 128, id 5105, offset 0, flags [DF], proto TCP (6), length 0)
    192.168.2.1.53280 > 192.168.2.2.5201: Flags [.], seq 14138:39518, ack 1, win 56000, length 25380
   51  23:31:16.308577 IP (tos 0x0, ttl 128, id 5123, offset 0, flags [DF], proto TCP (6), length 0)
    192.168.2.1.53282 > 192.168.2.2.5201: Flags [.], seq 14138:39518, ack 1, win 56000, length 25380
   52  23:31:16.313163 IP (tos 0x0, ttl 64, id 0, offset 0, flags [DF], proto TCP (6), length 40)
    192.168.2.2.5201 > 192.168.2.1.53283: Flags [.], ack 14138, win 56000, length 0
   53  23:31:16.313187 IP (tos 0x0, ttl 128, id 5141, offset 0, flags [DF], proto TCP (6), length 0)
    192.168.2.1.53283 > 192.168.2.2.5201: Flags [.], seq 14138:39518, ack 1, win 56000, length 25380
   54  23:31:16.313516 IP (tos 0x0, ttl 64, id 0, offset 0, flags [DF], proto TCP (6), length 40)
    192.168.2.2.5201 > 192.168.2.1.53284: Flags [.], ack 14138, win 56000, length 0
   55  23:31:16.313528 IP (tos 0x0, ttl 128, id 5159, offset 0, flags [DF], proto TCP (6), length 0)
    192.168.2.1.53284 > 192.168.2.2.5201: Flags [.], seq 14138:39518, ack 1, win 56000, length 25380
   56  23:31:16.318109 IP (tos 0x0, ttl 64, id 0, offset 0, flags [DF], proto TCP (6), length 40)
    192.168.2.2.5201 > 192.168.2.1.53282: Flags [.], ack 18368, win 56000, length 0
   57  23:31:16.318137 IP (tos 0x0, ttl 64, id 0, offset 0, flags [DF], proto TCP (6), length 40)
    192.168.2.2.5201 > 192.168.2.1.53281: Flags [.], ack 39518, win 55603, length 0
   58  23:31:16.318138 IP (tos 0x0, ttl 64, id 0, offset 0, flags [DF], proto TCP (6), length 40)
    192.168.2.2.5201 > 192.168.2.1.53281: Flags [.], ack 39518, win 56000, length 0
   59  23:31:16.318145 IP (tos 0x0, ttl 128, id 5177, offset 0, flags [DF], proto TCP (6), length 0)
    192.168.2.1.53282 > 192.168.2.2.5201: Flags [.], seq 39518:47978, ack 1, win 56000, length 8460
   60  23:31:16.318158 IP (tos 0x0, ttl 128, id 5183, offset 0, flags [DF], proto TCP (6), length 0)
    192.168.2.1.53281 > 192.168.2.2.5201: Flags [.], seq 39518:76178, ack 1, win 56000, length 36660
   61  23:31:16.318504 IP (tos 0x0, ttl 64, id 0, offset 0, flags [DF], proto TCP (6), length 40)
    192.168.2.2.5201 > 192.168.2.1.53280: Flags [.], ack 39518, win 55603, length 0
   62  23:31:16.318505 IP (tos 0x0, ttl 64, id 0, offset 0, flags [DF], proto TCP (6), length 40)
    192.168.2.2.5201 > 192.168.2.1.53280: Flags [.], ack 39518, win 56000, length 0
   63  23:31:16.318521 IP (tos 0x0, ttl 128, id 5209, offset 0, flags [DF], proto TCP (6), length 0)
    192.168.2.1.53280 > 192.168.2.2.5201: Flags [.], seq 39518:76178, ack 1, win 56000, length 36660
   64  23:31:16.323083 IP (tos 0x0, ttl 64, id 0, offset 0, flags [DF], proto TCP (6), length 40)
    192.168.2.2.5201 > 192.168.2.1.53282: Flags [.], ack 39518, win 56000, length 0
   65  23:31:16.323084 IP (tos 0x0, ttl 64, id 0, offset 0, flags [DF], proto TCP (6), length 40)
    192.168.2.2.5201 > 192.168.2.1.53283: Flags [.], ack 24008, win 56000, length 0
   66  23:31:16.323084 IP (tos 0x0, ttl 64, id 0, offset 0, flags [DF], proto TCP (6), length 40)
    192.168.2.2.5201 > 192.168.2.1.53283: Flags [.], ack 39518, win 56000, length 0
   67  23:31:16.323089 IP (tos 0x0, ttl 64, id 0, offset 0, flags [DF], proto TCP (6), length 40)
    192.168.2.2.5201 > 192.168.2.1.53284: Flags [.], ack 39518, win 55603, length 0
   68  23:31:16.323090 IP (tos 0x0, ttl 64, id 0, offset 0, flags [DF], proto TCP (6), length 40)
    192.168.2.2.5201 > 192.168.2.1.53284: Flags [.], ack 39518, win 56000, length 0
   69  23:31:16.323103 IP (tos 0x0, ttl 128, id 5258, offset 0, flags [DF], proto TCP (6), length 0)
    192.168.2.1.53283 > 192.168.2.2.5201: Flags [.], seq 39518:86048, ack 1, win 56000, length 46530
   70  23:31:16.323104 IP (tos 0x0, ttl 128, id 5235, offset 0, flags [DF], proto TCP (6), length 0)
    192.168.2.1.53282 > 192.168.2.2.5201: Flags [.], seq 47978:80408, ack 1, win 56000, length 32430
   71  23:31:16.323105 IP (tos 0x0, ttl 128, id 5291, offset 0, flags [DF], proto TCP (6), length 0)
    192.168.2.1.53284 > 192.168.2.2.5201: Flags [.], seq 39518:76178, ack 1, win 56000, length 36660
   72  23:31:16.328087 IP (tos 0x0, ttl 64, id 0, offset 0, flags [DF], proto TCP (6), length 40)
    192.168.2.2.5201 > 192.168.2.1.53281: Flags [.], ack 70538, win 55515, length 0
   73  23:31:16.328087 IP (tos 0x0, ttl 64, id 0, offset 0, flags [DF], proto TCP (6), length 40)
    192.168.2.2.5201 > 192.168.2.1.53281: Flags [.], ack 76178, win 56000, length 0
   74  23:31:16.328092 IP (tos 0x0, ttl 64, id 0, offset 0, flags [DF], proto TCP (6), length 40)
    192.168.2.2.5201 > 192.168.2.1.53282: Flags [.], ack 47978, win 56000, length 0
   75  23:31:16.328095 IP (tos 0x0, ttl 64, id 0, offset 0, flags [DF], proto TCP (6), length 40)
    192.168.2.2.5201 > 192.168.2.1.53280: Flags [.], ack 49388, win 56000, length 0
   76  23:31:16.328101 IP (tos 0x0, ttl 128, id 5317, offset 0, flags [DF], proto TCP (6), length 0)
    192.168.2.1.53281 > 192.168.2.2.5201: Flags [.], seq 76178:129758, ack 1, win 56000, length 53580
   77  23:31:16.328103 IP (tos 0x0, ttl 128, id 5355, offset 0, flags [DF], proto TCP (6), length 0)
    192.168.2.1.53282 > 192.168.2.2.5201: Flags [.], seq 80408:97328, ack 1, win 56000, length 16920
   78  23:31:16.328108 IP (tos 0x0, ttl 128, id 5367, offset 0, flags [DF], proto TCP (6), length 0)
    192.168.2.1.53280 > 192.168.2.2.5201: Flags [.], seq 76178:95918, ack 1, win 56000, length 19740
   79  23:31:16.333067 IP (tos 0x0, ttl 64, id 0, offset 0, flags [DF], proto TCP (6), length 40)
    192.168.2.2.5201 > 192.168.2.1.53280: Flags [.], ack 76178, win 55581, length 0
   80  23:31:16.333067 IP (tos 0x0, ttl 64, id 0, offset 0, flags [DF], proto TCP (6), length 40)
    192.168.2.2.5201 > 192.168.2.1.53280: Flags [.], ack 76178, win 56000, length 0
   81  23:31:16.333069 IP (tos 0x0, ttl 64, id 0, offset 0, flags [DF], proto TCP (6), length 40)
    192.168.2.2.5201 > 192.168.2.1.53282: Flags [.], ack 80408, win 55713, length 0
   82  23:31:16.333070 IP (tos 0x0, ttl 64, id 0, offset 0, flags [DF], proto TCP (6), length 40)
    192.168.2.2.5201 > 192.168.2.1.53282: Flags [.], ack 80408, win 56000, length 0
   83  23:31:16.333081 IP (tos 0x0, ttl 128, id 5381, offset 0, flags [DF], proto TCP (6), length 0)
    192.168.2.1.53280 > 192.168.2.2.5201: Flags [P.], seq 95918:133988, ack 1, win 56000, length 38070
   84  23:31:16.333082 IP (tos 0x0, ttl 64, id 0, offset 0, flags [DF], proto TCP (6), length 40)
    192.168.2.2.5201 > 192.168.2.1.53283: Flags [.], ack 76178, win 55603, length 0
   85  23:31:16.333082 IP (tos 0x0, ttl 64, id 0, offset 0, flags [DF], proto TCP (6), length 40)
    192.168.2.2.5201 > 192.168.2.1.53283: Flags [.], ack 76178, win 56000, length 0
   86  23:31:16.333083 IP (tos 0x0, ttl 128, id 5408, offset 0, flags [DF], proto TCP (6), length 0)
    192.168.2.1.53282 > 192.168.2.2.5201: Flags [P.], seq 97328:141038, ack 1, win 56000, length 43710
   87  23:31:16.333093 IP (tos 0x0, ttl 64, id 0, offset 0, flags [DF], proto TCP (6), length 40)
    192.168.2.2.5201 > 192.168.2.1.53284: Flags [.], ack 73358, win 55625, length 0
   88  23:31:16.333093 IP (tos 0x0, ttl 64, id 0, offset 0, flags [DF], proto TCP (6), length 40)
    192.168.2.2.5201 > 192.168.2.1.53284: Flags [.], ack 73358, win 56000, length 0
   89  23:31:16.333095 IP (tos 0x0, ttl 128, id 5439, offset 0, flags [DF], proto TCP (6), length 0)
    192.168.2.1.53283 > 192.168.2.2.5201: Flags [P.], seq 86048:133988, ack 1, win 56000, length 47940
   90  23:31:16.333105 IP (tos 0x0, ttl 128, id 5473, offset 0, flags [DF], proto TCP (6), length 0)
    192.168.2.1.53284 > 192.168.2.2.5201: Flags [.], seq 76178:121298, ack 1, win 56000, length 45120
   91  23:31:16.338087 IP (tos 0x0, ttl 64, id 0, offset 0, flags [DF], proto TCP (6), length 40)
    192.168.2.2.5201 > 192.168.2.1.53281: Flags [.], ack 104378, win 55559, length 0
   92  23:31:16.338087 IP (tos 0x0, ttl 64, id 0, offset 0, flags [DF], proto TCP (6), length 40)
    192.168.2.2.5201 > 192.168.2.1.53281: Flags [.], ack 104378, win 56000, length 0
   93  23:31:16.338091 IP (tos 0x0, ttl 64, id 0, offset 0, flags [DF], proto TCP (6), length 40)
    192.168.2.2.5201 > 192.168.2.1.53282: Flags [.], ack 97328, win 55735, length 0
   94  23:31:16.338091 IP (tos 0x0, ttl 64, id 0, offset 0, flags [DF], proto TCP (6), length 40)
    192.168.2.2.5201 > 192.168.2.1.53282: Flags [.], ack 97328, win 56000, length 0
   95  23:31:16.338095 IP (tos 0x0, ttl 64, id 0, offset 0, flags [DF], proto TCP (6), length 40)
    192.168.2.2.5201 > 192.168.2.1.53280: Flags [.], ack 86048, win 56000, length 0
   96  23:31:16.338098 IP (tos 0x0, ttl 64, id 0, offset 0, flags [DF], proto TCP (6), length 40)
    192.168.2.2.5201 > 192.168.2.1.53283: Flags [.], ack 86048, win 56000, length 0
   97  23:31:16.338100 IP (tos 0x0, ttl 128, id 5505, offset 0, flags [DF], proto TCP (6), length 0)
    192.168.2.1.53281 > 192.168.2.2.5201: Flags [P.], seq 129758:169238, ack 1, win 56000, length 39480
   98  23:31:16.338102 IP (tos 0x0, ttl 128, id 5533, offset 0, flags [DF], proto TCP (6), length 0)
    192.168.2.1.53282 > 192.168.2.2.5201: Flags [.], seq 141038:169238, ack 1, win 56000, length 28200
