    1  21:18:02.328957 IP 127.0.0.1.52257 > 127.0.0.1.5201:  [|iperf3]
    2  21:18:02.329086 IP 127.0.0.1.5201 > 127.0.0.1.52257:  [|iperf3]
    3  21:18:02.329515 IP 127.0.0.1.52257 > 127.0.0.1.5201: id 1 ts 706951:724234
    4  21:18:02.340779 IP 127.0.0.1.52257 > 127.0.0.1.5201: id 2 ts 706951:735487
    5  21:18:02.351719 IP 127.0.0.1.52257 > 127.0.0.1.5201: id 3 ts 706951:746434
    6  21:18:02.362714 IP 127.0.0.1.52257 > 127.0.0.1.5201: id 4 ts 706951:757424
    7  21:18:02.373732 IP 127.0.0.1.52257 > 127.0.0.1.5201: id 5 ts 706951:768436
    8  21:18:02.384731 IP 127.0.0.1.52257 > 127.0.0.1.5201: id 6 ts 706951:779440
    9  21:18:02.395750 IP 127.0.0.1.52257 > 127.0.0.1.5201: id 7 ts 706951:790445
   10  21:18:02.406718 IP 127.0.0.1.52257 > 127.0.0.1.5201: id 8 ts 706951:801433
   11  21:18:02.417743 IP 127.0.0.1.52257 > 127.0.0.1.5201: id 9 ts 706951:812459
   12  21:18:02.428747 IP 127.0.0.1.52257 > 127.0.0.1.5201: id 10 ts 706951:823455
