    1  2016-04-06 16:16:57.832264 16:16:57.832264 1459959417.832264  00:00:00.000000  00:00:00.000000 IP6 fd00::2:d003:4bff:fed9:a20d.5502 > fd00:0:20:1::4.5501: seq 0
    2  2016-04-06 16:16:57.832415 16:16:57.832415 1459959417.832415  00:00:00.000151  00:00:00.000151 IP6 fd00::2:d003:4bff:fed9:a20d.5502 > fd00:0:20:1::4.5501: seq 1
    3  2016-04-06 16:16:57.832532 16:16:57.832532 1459959417.832532  00:00:00.000117  00:00:00.000268 IP6 fd00::2:d003:4bff:fed9:a20d.5502 > fd00:0:20:1::4.5501: seq 2
    4  2016-04-06 16:16:57.832616 16:16:57.832616 1459959417.832616  00:00:00.000084  00:00:00.000352 IP6 fd00::2:d003:4bff:fed9:a20d.5502 > fd00:0:20:1::4.5501: seq 3
    5  2016-04-06 16:16:57.832772 16:16:57.832772 1459959417.832772  00:00:00.000156  00:00:00.000508 IP6 fd00::2:d003:4bff:fed9:a20d.5502 > fd00:0:20:1::4.5501: seq 4
    6  2016-04-06 16:16:57.832918 16:16:57.832918 1459959417.832918  00:00:00.000146  00:00:00.000654 IP6 fd00::2:d003:4bff:fed9:a20d.5502 > fd00:0:20:1::4.5501: seq 5
    7  2016-04-06 16:16:57.833042 16:16:57.833042 1459959417.833042  00:00:00.000124  00:00:00.000778 IP6 fd00::2:d003:4bff:fed9:a20d.5502 > fd00:0:20:1::4.5501: seq 6
    8  2016-04-06 16:16:57.833171 16:16:57.833171 1459959417.833171  00:00:00.000129  00:00:00.000907 IP6 fd00::2:d003:4bff:fed9:a20d.5502 > fd00:0:20:1::4.5501: seq 7
    9  2016-04-06 16:16:57.833320 16:16:57.833320 1459959417.833320  00:00:00.000149  00:00:00.001056 IP6 fd00::2:d003:4bff:fed9:a20d.5502 > fd00:0:20:1::4.5501: seq 8
   10  2016-04-06 16:16:57.833470 16:16:57.833470 1459959417.833470  00:00:00.000150  00:00:00.001206 IP6 fd00::2:d003:4bff:fed9:a20d.5502 > fd00:0:20:1::4.5501: seq 9
