{
    "test": {
        "Filename": "epub-doc-2.epub",
        "Comment": "EPUB document"
    },
    "metadata": {
        "@graph": [
	    {
                "@type" : "nfo:EBook",
                "nco:creator" : {
                    "nco:fullname" : "first last",
                    "nco:nameGiven" : "first",
                    "nco:creator" : {
                        "@id" : "urn:artist:first%20last",
                        "nmm:artistName" : "first last",
                        "@type" : "nmm:Artist"
                    },
                    "@type" : "nco:PersonContact",
                    "nco:nameFamily" : "last"
                },
                "nie:description" : "Description",
                "nie:language" : "en",
                "nco:publisher" : {
                    "nco:fullname" : "Publisher",
                    "@type" : "nco:Contact"
                },
                "nie:identifier" : "identifier",
                "nie:title" : "title",
                "nie:contentCreated" : "1900-01-01T01:01:01Z",
                "nie:plainTextContent" : "Section 1 "
	    }
	]
    }
}
