{
    "test": {
        "Filename": "odg-drawing-1.odg",
        "Comment": "Open-Document ODG drawing"
    },
    "metadata": {
        "@graph": [
            {
                "nco:publisher" : {
                    "@id" : "urn:contact:first%20last",
                    "nco:fullname" : "first last",
                    "@type" : "nco:Contact"
                },
                "nie:plainTextContent" : "Foobar Foo ",
                "nie:generator" : "LibreOffice/24.2.2.2$Linux_X86_64 LibreOffice_project/d56cc158d8a96260b836f100ef4b4ef25d6f1a01",
                "@type" : "nfo:PaginatedTextDocument",
                "nie:contentCreated" : "2024-04-28T15:15:33.099511251"
            }
        ]
    }
}
