{
    "test": {
        "Filename": "odp-presentation-1.odp",
        "Comment": "Open-Document ODP persentation"
    },
    "metadata": {
        "@graph": [
            {
                "@type": "nfo:PaginatedTextDocument",
                "nie:subject": "how to foo the bar",
                "nie:generator": "LibreOffice/24.2.2.2$Linux_X86_64 LibreOffice_project/d56cc158d8a96260b836f100ef4b4ef25d6f1a01",
                "nie:keyword": [
                    "foo",
                    "bar"
                ],
                "nie:title": "foo bar",
                "nie:contentCreated": "2024-04-22T23:31:55.594710900",
                "nie:plainTextContent": "Dum de dum K\u00d8BENHAVNS UNIVERSITET test1 test ",
                "nie:comment": "Oh wow, what a comment!"
            }
        ]
    }
}
