{
    "test": {
        "Filename": "pdf-doc-with-sidecar-1.pdf",
        "Comment": "PDF document with XMP sidecar"
    },
    "metadata": {
        "@graph": [
	    {
                "dc:format" : "image/png",
                "@type" : "nfo:PaginatedTextDocument",
                "slo:location" : {
                    "slo:latitude" : "0",
                    "slo:longitude" : "-0",
                    "@type" : "slo:GeoLocation",
                    "slo:altitude" : "65.640000000000001"
                },
                "nco:creator" : {
                    "@id" : "urn:contact:first%20last",
                    "nco:fullname" : "first last",
                    "@type" : "nco:Contact"
                },
                "nco:publisher": {
                  "@id": "urn:contact:Publisher",
                  "nco:fullname": "Publisher",
                  "@type": "nco:Contact"
                },
                "dc:type": "Type",
                "dc:identifier": "Identifier",
                "dc:source": "http://example.com/",
                "dc:language": "en_US",
                "dc:relation": "Relation",
                "dc:coverage": "Coverage",
                "nie:license": "License",
                "nie:subject": "subject",
                "nie:description" : "Photograph description",
                "nfo:pageCount" : 1,
                "nie:title" : "Photograph",
                "nie:copyright" : "Copyright",
                "nie:contentCreated" : "2024-04-29T00:10:20+02",
                "nie:plainTextContent" : "Hello world ",
                "nao:hasTag": [
                    {
                        "@id": "urn:tag:amazing",
                        "nao:prefLabel": "amazing",
                        "@type": "nao:Tag"
                    },
                    {
                        "@id": "urn:tag:bright",
                        "nao:prefLabel": "bright",
                        "@type": "nao:Tag"
                    },
                    {
                        "@id": "urn:tag:amazing2",
                        "nao:prefLabel": "amazing2",
                        "@type": "nao:Tag"
                    },
                    {
                        "@id": "urn:tag:bright2",
                        "nao:prefLabel": "bright2",
                        "@type": "nao:Tag"
                    }
                ],
                "nco:contributor": {
                    "@id": "urn:contact:Artist",
                    "nco:fullname": "Artist",
                    "@type": "nco:Contact"
                }
            }
        ]
    }
}
