{
    "test": {
        "Filename": "ps-doc-2.ps",
        "Comment": "PS document from the office tools"
    },
    "metadata": {
        "@graph": [
	    {
		"nfo:pageCount": 1,
		"nie:copyright": "copyleft",
		"nco:creator": {
		    "nco:fullname": "vi",
		    "@type": "nco:Contact"
		},
		"@type": "nfo:PaginatedTextDocument",
                "nie:contentCreated" : "2024-04-28T18:00:00+0200"
	    }
	]
    }
}
